=== RUN   TestAdminUserManagementHandler
=== RUN   TestAdminUserManagementHandler/Success
--- PASS: TestAdminUserManagementHandler (0.02s)
    --- PASS: TestAdminUserManagementHandler/Success (0.02s)
=== RUN   TestAdminDeleteUserHandler
=== RUN   TestAdminDeleteUserHandler/Success
--- PASS: TestAdminDeleteUserHandler (0.01s)
    --- PASS: TestAdminDeleteUserHandler/Success (0.01s)
=== RUN   TestAssetsHandler
=== RUN   TestAssetsHandler/GET_Unauthenticated
=== RUN   TestAssetsHandler/GET_Success
=== RUN   TestAssetsHandler/POST
=== RUN   TestAssetsHandler/POST/Success_Private
=== RUN   TestAssetsHandler/POST/Success_Team
--- PASS: TestAssetsHandler (0.08s)
    --- PASS: TestAssetsHandler/GET_Unauthenticated (0.01s)
    --- PASS: TestAssetsHandler/GET_Success (0.03s)
    --- PASS: TestAssetsHandler/POST (0.03s)
        --- PASS: TestAssetsHandler/POST/Success_Private (0.02s)
        --- PASS: TestAssetsHandler/POST/Success_Team (0.01s)
=== RUN   TestDeleteAssetHandler
=== RUN   TestDeleteAssetHandler/Success
--- PASS: TestDeleteAssetHandler (0.02s)
    --- PASS: TestDeleteAssetHandler/Success (0.02s)
=== RUN   TestCVEDetailHandler_Extra
=== RUN   TestCVEDetailHandler_Extra/Success
=== RUN   TestCVEDetailHandler_Extra/NotFound
=== RUN   TestCVEDetailHandler_Extra/DatabaseError
2026/04/28 17:02:14 CVEDetailHandler error: db error
--- PASS: TestCVEDetailHandler_Extra (0.08s)
    --- PASS: TestCVEDetailHandler_Extra/Success (0.03s)
    --- PASS: TestCVEDetailHandler_Extra/NotFound (0.03s)
    --- PASS: TestCVEDetailHandler_Extra/DatabaseError (0.02s)
=== RUN   TestExportCVEsHandler_Extra
=== RUN   TestExportCVEsHandler_Extra/Success
=== RUN   TestExportCVEsHandler_Extra/DatabaseError
2026/04/28 17:02:14 Error fetching CVEs for export: db error
=== RUN   TestExportCVEsHandler_Extra/ScanError
2026/04/28 17:02:14 Warning: skipping row during CVE export (scan error): Destination kind 'float64' not supported for value kind 'string' of column 'cvss_score'
2026/04/28 17:02:14 CVE export: 1 row(s) skipped due to scan errors, 0 row(s) exported
--- PASS: TestExportCVEsHandler_Extra (0.04s)
    --- PASS: TestExportCVEsHandler_Extra/Success (0.01s)
    --- PASS: TestExportCVEsHandler_Extra/DatabaseError (0.02s)
    --- PASS: TestExportCVEsHandler_Extra/ScanError (0.01s)
=== RUN   TestActivityLogHandler_Extra
=== RUN   TestActivityLogHandler_Extra/Success
=== RUN   TestActivityLogHandler_Extra/DatabaseError
2026/04/28 17:02:14 Error querying activity logs: db error
--- PASS: TestActivityLogHandler_Extra (0.04s)
    --- PASS: TestActivityLogHandler_Extra/Success (0.03s)
    --- PASS: TestActivityLogHandler_Extra/DatabaseError (0.01s)
=== RUN   TestExportActivityLogHandler_Extra
=== RUN   TestExportActivityLogHandler_Extra/Success
=== RUN   TestExportActivityLogHandler_Extra/DatabaseError
2026/04/28 17:02:14 Error querying activity logs for export: db error
--- PASS: TestExportActivityLogHandler_Extra (0.03s)
    --- PASS: TestExportActivityLogHandler_Extra/Success (0.02s)
    --- PASS: TestExportActivityLogHandler_Extra/DatabaseError (0.01s)
=== RUN   TestSwitchTeamHandler_Extra
=== RUN   TestSwitchTeamHandler_Extra/ExternalReferer
=== RUN   TestSwitchTeamHandler_Extra/InvalidReferer
--- PASS: TestSwitchTeamHandler_Extra (0.02s)
    --- PASS: TestSwitchTeamHandler_Extra/ExternalReferer (0.01s)
    --- PASS: TestSwitchTeamHandler_Extra/InvalidReferer (0.01s)
=== RUN   TestMiddlewares_Coverage
=== RUN   TestMiddlewares_Coverage/SecurityHeaders
=== RUN   TestMiddlewares_Coverage/ProxyMiddleware_Cloudflare
=== RUN   TestMiddlewares_Coverage/ProxyMiddleware_TrustedProxy
=== RUN   TestMiddlewares_Coverage/ProxyMiddleware_UntrustedProxy
=== RUN   TestMiddlewares_Coverage/RateLimitMiddleware_Trigger
--- PASS: TestMiddlewares_Coverage (0.06s)
    --- PASS: TestMiddlewares_Coverage/SecurityHeaders (0.01s)
    --- PASS: TestMiddlewares_Coverage/ProxyMiddleware_Cloudflare (0.01s)
    --- PASS: TestMiddlewares_Coverage/ProxyMiddleware_TrustedProxy (0.01s)
    --- PASS: TestMiddlewares_Coverage/ProxyMiddleware_UntrustedProxy (0.02s)
    --- PASS: TestMiddlewares_Coverage/RateLimitMiddleware_Trigger (0.01s)
=== RUN   TestAuthHandlers_TOTP_V2
=== RUN   TestAuthHandlers_TOTP_V2/Login_RequireTOTP
=== RUN   TestAuthHandlers_TOTP_V2/Login_VerifyTOTP_Success
=== RUN   TestAuthHandlers_TOTP_V2/Login_VerifyTOTP_Failure
=== RUN   TestAuthHandlers_TOTP_V2/Login_VerifyTOTP_Expired
=== RUN   TestAuthHandlers_TOTP_V2/Login_VerifyTOTP_TooManyAttempts
--- PASS: TestAuthHandlers_TOTP_V2 (0.32s)
    --- PASS: TestAuthHandlers_TOTP_V2/Login_RequireTOTP (0.25s)
    --- PASS: TestAuthHandlers_TOTP_V2/Login_VerifyTOTP_Success (0.02s)
    --- PASS: TestAuthHandlers_TOTP_V2/Login_VerifyTOTP_Failure (0.01s)
    --- PASS: TestAuthHandlers_TOTP_V2/Login_VerifyTOTP_Expired (0.01s)
    --- PASS: TestAuthHandlers_TOTP_V2/Login_VerifyTOTP_TooManyAttempts (0.02s)
=== RUN   TestHealthHandlers_V2
=== RUN   TestHealthHandlers_V2/Readyz_Success
=== RUN   TestHealthHandlers_V2/Readyz_Failure
--- PASS: TestHealthHandlers_V2 (0.06s)
    --- PASS: TestHealthHandlers_V2/Readyz_Success (0.04s)
    --- PASS: TestHealthHandlers_V2/Readyz_Failure (0.02s)
=== RUN   TestSettingsHandlers_V2
=== RUN   TestSettingsHandlers_V2/ChangePassword_Mismatch
=== RUN   TestSettingsHandlers_V2/ChangePassword_AuthError
=== RUN   TestSettingsHandlers_V2/ChangeEmail_RedisError
2026/04/28 17:02:15 RenderTemplate teams query ERR: call to method Query(), was not expected, next expectation is: ExpectedExec => expecting call to Exec():
	- matches sql: 'INSERT INTO email_change_requests'
	- is without arguments
	- returns result: INSERT 1
=== RUN   TestSettingsHandlers_V2/DeleteAccount_DBError
--- PASS: TestSettingsHandlers_V2 (0.86s)
    --- PASS: TestSettingsHandlers_V2/ChangePassword_Mismatch (0.03s)
    --- PASS: TestSettingsHandlers_V2/ChangePassword_AuthError (0.22s)
    --- PASS: TestSettingsHandlers_V2/ChangeEmail_RedisError (0.34s)
    --- PASS: TestSettingsHandlers_V2/DeleteAccount_DBError (0.27s)
=== RUN   TestSubscriptionHandlers_V2
=== RUN   TestSubscriptionHandlers_V2/SubscriptionsHandler_Post_Success
=== RUN   TestSubscriptionHandlers_V2/HandleAlertAction_DBError
--- PASS: TestSubscriptionHandlers_V2 (0.04s)
    --- PASS: TestSubscriptionHandlers_V2/SubscriptionsHandler_Post_Success (0.01s)
    --- PASS: TestSubscriptionHandlers_V2/HandleAlertAction_DBError (0.03s)
=== RUN   TestHealthHandlers
=== RUN   TestHealthHandlers/HealthzHandler
=== RUN   TestHealthHandlers/ReadyzHandler_Success
=== RUN   TestHealthHandlers/ReadyzHandler_DBDown
--- PASS: TestHealthHandlers (0.03s)
    --- PASS: TestHealthHandlers/HealthzHandler (0.00s)
    --- PASS: TestHealthHandlers/ReadyzHandler_Success (0.01s)
    --- PASS: TestHealthHandlers/ReadyzHandler_DBDown (0.01s)
=== RUN   TestUpdateCVENoteHandler
=== RUN   TestUpdateCVENoteHandler/Success_Private
=== RUN   TestUpdateCVENoteHandler/Success_Team
2026/04/28 17:02:16 UpdateNote Error: call to method Exec(), was not expected, next expectation is: ExpectedQuery => expecting call to Query() or to QueryRow():
	- matches sql: 'SELECT EXISTS'
	- is with arguments:
		0 - 10
		1 - 1
	- returns data:
		row 0 - [true]

--- PASS: TestUpdateCVENoteHandler (0.01s)
    --- PASS: TestUpdateCVENoteHandler/Success_Private (0.00s)
    --- PASS: TestUpdateCVENoteHandler/Success_Team (0.00s)
=== RUN   TestHandleAlertAction
=== RUN   TestHandleAlertAction/Acknowledge
--- PASS: TestHandleAlertAction (0.03s)
    --- PASS: TestHandleAlertAction/Acknowledge (0.01s)
=== RUN   TestLoginHandler_Failures
=== RUN   TestLoginHandler_Failures/InvalidCredentials
--- PASS: TestLoginHandler_Failures (0.01s)
    --- PASS: TestLoginHandler_Failures/InvalidCredentials (0.00s)
=== RUN   TestMiddlewares_Extra
=== RUN   TestMiddlewares_Extra/AuthMiddleware_Unverified
=== RUN   TestMiddlewares_Extra/AdminMiddleware_NonAdmin
--- PASS: TestMiddlewares_Extra (0.03s)
    --- PASS: TestMiddlewares_Extra/AuthMiddleware_Unverified (0.00s)
    --- PASS: TestMiddlewares_Extra/AdminMiddleware_NonAdmin (0.00s)
=== RUN   TestAdminHandlers_Coverage
=== RUN   TestAdminHandlers_Coverage/AdminUserManagementHandler_Success
=== RUN   TestAdminHandlers_Coverage/AdminDeleteUserHandler_Success
--- PASS: TestAdminHandlers_Coverage (0.03s)
    --- PASS: TestAdminHandlers_Coverage/AdminUserManagementHandler_Success (0.02s)
    --- PASS: TestAdminHandlers_Coverage/AdminDeleteUserHandler_Success (0.01s)
=== RUN   TestIndexHandler
=== RUN   TestIndexHandler/Unauthenticated
=== RUN   TestIndexHandler/Authenticated
--- PASS: TestIndexHandler (0.04s)
    --- PASS: TestIndexHandler/Unauthenticated (0.02s)
    --- PASS: TestIndexHandler/Authenticated (0.01s)
=== RUN   TestLoginHandler
=== RUN   TestLoginHandler/GET
=== RUN   TestLoginHandler/POST_InvalidCredentials
=== RUN   TestLoginHandler/POST_Success
--- PASS: TestLoginHandler (0.27s)
    --- PASS: TestLoginHandler/GET (0.01s)
    --- PASS: TestLoginHandler/POST_InvalidCredentials (0.01s)
    --- PASS: TestLoginHandler/POST_Success (0.25s)
=== RUN   TestDashboardHandler
=== RUN   TestDashboardHandler/Success
--- PASS: TestDashboardHandler (0.02s)
    --- PASS: TestDashboardHandler/Success (0.02s)
=== RUN   TestBulkUpdateCVEStatusHandler
=== RUN   TestBulkUpdateCVEStatusHandler/Success
--- PASS: TestBulkUpdateCVEStatusHandler (0.02s)
    --- PASS: TestBulkUpdateCVEStatusHandler/Success (0.02s)
=== RUN   TestActivityLogHandler
=== RUN   TestActivityLogHandler/Success
--- PASS: TestActivityLogHandler (0.02s)
    --- PASS: TestActivityLogHandler/Success (0.02s)
=== RUN   TestAlertHistoryHandler
=== RUN   TestAlertHistoryHandler/Success
--- PASS: TestAlertHistoryHandler (0.03s)
    --- PASS: TestAlertHistoryHandler/Success (0.03s)
=== RUN   TestSettingsHandler
=== RUN   TestSettingsHandler/Success
--- PASS: TestSettingsHandler (0.02s)
    --- PASS: TestSettingsHandler/Success (0.02s)
=== RUN   TestChangePasswordHandler
=== RUN   TestChangePasswordHandler/Success
--- PASS: TestChangePasswordHandler (0.15s)
    --- PASS: TestChangePasswordHandler/Success (0.15s)
=== RUN   TestVerifyTOTPHandler
=== RUN   TestVerifyTOTPHandler/InvalidCode
--- PASS: TestVerifyTOTPHandler (0.03s)
    --- PASS: TestVerifyTOTPHandler/InvalidCode (0.03s)
=== RUN   TestAuthMiddleware
=== RUN   TestAuthMiddleware/Unauthenticated
=== RUN   TestAuthMiddleware/AuthenticatedButUnverified
=== RUN   TestAuthMiddleware/AuthenticatedAndVerified
--- PASS: TestAuthMiddleware (0.02s)
    --- PASS: TestAuthMiddleware/Unauthenticated (0.00s)
    --- PASS: TestAuthMiddleware/AuthenticatedButUnverified (0.00s)
    --- PASS: TestAuthMiddleware/AuthenticatedAndVerified (0.00s)
=== RUN   TestAdminMiddleware
=== RUN   TestAdminMiddleware/Unauthenticated
=== RUN   TestAdminMiddleware/AuthenticatedNotAdmin
=== RUN   TestAdminMiddleware/AuthenticatedIsAdmin
--- PASS: TestAdminMiddleware (0.02s)
    --- PASS: TestAdminMiddleware/Unauthenticated (0.00s)
    --- PASS: TestAdminMiddleware/AuthenticatedNotAdmin (0.00s)
    --- PASS: TestAdminMiddleware/AuthenticatedIsAdmin (0.00s)
=== RUN   TestProxyMiddleware
=== RUN   TestProxyMiddleware/DirectConnection
=== RUN   TestProxyMiddleware/CloudflareProxy
=== RUN   TestProxyMiddleware/TrustedProxyXFF
=== RUN   TestProxyMiddleware/TrustedProxyXRealIP
=== RUN   TestProxyMiddleware/UntrustedProxy
--- PASS: TestProxyMiddleware (0.00s)
    --- PASS: TestProxyMiddleware/DirectConnection (0.00s)
    --- PASS: TestProxyMiddleware/CloudflareProxy (0.00s)
    --- PASS: TestProxyMiddleware/TrustedProxyXFF (0.00s)
    --- PASS: TestProxyMiddleware/TrustedProxyXRealIP (0.00s)
    --- PASS: TestProxyMiddleware/UntrustedProxy (0.00s)
=== RUN   TestRateLimitMiddleware
=== RUN   TestRateLimitMiddleware/Allowed
=== RUN   TestRateLimitMiddleware/RateLimited
--- PASS: TestRateLimitMiddleware (0.00s)
    --- PASS: TestRateLimitMiddleware/Allowed (0.00s)
    --- PASS: TestRateLimitMiddleware/RateLimited (0.00s)
=== RUN   TestSecurityHeadersMiddleware
--- PASS: TestSecurityHeadersMiddleware (0.00s)
=== RUN   TestTeamsHandler
=== RUN   TestTeamsHandler/Success
=== RUN   TestTeamsHandler/DB_Error
2026/04/28 17:02:17 TeamsHandler DB Error: db error
--- PASS: TestTeamsHandler (0.04s)
    --- PASS: TestTeamsHandler/Success (0.02s)
    --- PASS: TestTeamsHandler/DB_Error (0.02s)
=== RUN   TestCreateTeamHandler
=== RUN   TestCreateTeamHandler/GET_Redirect
=== RUN   TestCreateTeamHandler/Missing_Name
=== RUN   TestCreateTeamHandler/Success
=== RUN   TestCreateTeamHandler/Duplicate_Name
=== RUN   TestCreateTeamHandler/DB_Begin_Error
=== RUN   TestCreateTeamHandler/Insert_Team_Error
=== RUN   TestCreateTeamHandler/Insert_Member_Error
=== RUN   TestCreateTeamHandler/Commit_Error
--- PASS: TestCreateTeamHandler (0.14s)
    --- PASS: TestCreateTeamHandler/GET_Redirect (0.02s)
    --- PASS: TestCreateTeamHandler/Missing_Name (0.02s)
    --- PASS: TestCreateTeamHandler/Success (0.02s)
    --- PASS: TestCreateTeamHandler/Duplicate_Name (0.01s)
    --- PASS: TestCreateTeamHandler/DB_Begin_Error (0.02s)
    --- PASS: TestCreateTeamHandler/Insert_Team_Error (0.02s)
    --- PASS: TestCreateTeamHandler/Insert_Member_Error (0.01s)
    --- PASS: TestCreateTeamHandler/Commit_Error (0.01s)
=== RUN   TestJoinTeamHandler
=== RUN   TestJoinTeamHandler/GET_Redirect
=== RUN   TestJoinTeamHandler/Missing_Invite_Code
=== RUN   TestJoinTeamHandler/Invalid_Invite_Code
=== RUN   TestJoinTeamHandler/Success
=== RUN   TestJoinTeamHandler/DB_Error_on_Insert
--- PASS: TestJoinTeamHandler (0.07s)
    --- PASS: TestJoinTeamHandler/GET_Redirect (0.01s)
    --- PASS: TestJoinTeamHandler/Missing_Invite_Code (0.01s)
    --- PASS: TestJoinTeamHandler/Invalid_Invite_Code (0.02s)
    --- PASS: TestJoinTeamHandler/Success (0.01s)
    --- PASS: TestJoinTeamHandler/DB_Error_on_Insert (0.01s)
=== RUN   TestLeaveTeamHandler
=== RUN   TestLeaveTeamHandler/Invalid_Method
=== RUN   TestLeaveTeamHandler/Invalid_Team_ID
=== RUN   TestLeaveTeamHandler/Not_a_Member
=== RUN   TestLeaveTeamHandler/Last_Owner_Prevention
=== RUN   TestLeaveTeamHandler/Success_Leave_(Not_Active)
=== RUN   TestLeaveTeamHandler/Success_Leave_(Active)
=== RUN   TestLeaveTeamHandler/DB_Error_on_Delete
--- PASS: TestLeaveTeamHandler (0.12s)
    --- PASS: TestLeaveTeamHandler/Invalid_Method (0.02s)
    --- PASS: TestLeaveTeamHandler/Invalid_Team_ID (0.01s)
    --- PASS: TestLeaveTeamHandler/Not_a_Member (0.01s)
    --- PASS: TestLeaveTeamHandler/Last_Owner_Prevention (0.03s)
    --- PASS: TestLeaveTeamHandler/Success_Leave_(Not_Active) (0.02s)
    --- PASS: TestLeaveTeamHandler/Success_Leave_(Active) (0.01s)
    --- PASS: TestLeaveTeamHandler/DB_Error_on_Delete (0.01s)
=== RUN   TestSwitchTeamHandler
=== RUN   TestSwitchTeamHandler/Invalid_Method
=== RUN   TestSwitchTeamHandler/Forbidden
=== RUN   TestSwitchTeamHandler/Success_Switch_to_Team
=== RUN   TestSwitchTeamHandler/Success_Switch_to_Private
=== RUN   TestSwitchTeamHandler/DB_Error
--- PASS: TestSwitchTeamHandler (0.11s)
    --- PASS: TestSwitchTeamHandler/Invalid_Method (0.02s)
    --- PASS: TestSwitchTeamHandler/Forbidden (0.02s)
    --- PASS: TestSwitchTeamHandler/Success_Switch_to_Team (0.03s)
    --- PASS: TestSwitchTeamHandler/Success_Switch_to_Private (0.02s)
    --- PASS: TestSwitchTeamHandler/DB_Error (0.02s)
=== RUN   TestWebErrorPaths
--- PASS: TestWebErrorPaths (0.01s)
=== RUN   TestWebEndpointsCoverage
2026/04/28 17:02:17 Verification queued for "we****@example.com"
--- PASS: TestWebEndpointsCoverage (0.36s)
=== RUN   TestInitTemplates
--- PASS: TestInitTemplates (0.02s)
PASS
ok  	cve-tracker/internal/web	4.413s
